Performing C SOURCE FILE Test CMAKE_HAVE_LIBC_PTHREAD failed with the following output:
Change Dir: /storage/emulated/0/Documents/axo/examples/CMakeFiles/CMakeTmp

Run Build Command(s):/data/user/0/ru.iiec.cxxdroid/files/bin/make -f Makefile cmTC_f02c7/fast && /data/user/0/ru.iiec.cxxdroid/files/bin/make  -f CMakeFiles/cmTC_f02c7.dir/build.make CMakeFiles/cmTC_f02c7.dir/build
make[1]: Entering directory '/storage/emulated/0/Documents/axo/examples/CMakeFiles/CMakeTmp'
Building C object CMakeFiles/cmTC_f02c7.dir/src.c.o
/data/user/0/ru.iiec.cxxdroid/files/bin/clang -DCMAKE_HAVE_LIBC_PTHREAD  -Wall -std=c99 -fallow-void-main  -MD -MT CMakeFiles/cmTC_f02c7.dir/src.c.o -MF CMakeFiles/cmTC_f02c7.dir/src.c.o.d -o CMakeFiles/cmTC_f02c7.dir/src.c.o -c /storage/emulated/0/Documents/axo/examples/CMakeFiles/CMakeTmp/src.c
/storage/emulated/0/Documents/axo/examples/CMakeFiles/CMakeTmp/src.c:13:3: warning: implicit declaration of function 'pthread_cancel' is invalid in C99 [-Wimplicit-function-declaration]
  pthread_cancel(thread);
  ^
1 warning generated.
Linking C executable cmTC_f02c7
/data/data/ru.iiec.cxxdroid/files/bin/cmake -E cmake_link_script CMakeFiles/cmTC_f02c7.dir/link.txt --verbose=1
/data/user/0/ru.iiec.cxxdroid/files/bin/clang -Wall -std=c99 -fallow-void-main  -lm -ldl -llog -lz  CMakeFiles/cmTC_f02c7.dir/src.c.o -o cmTC_f02c7 
/data/user/0/ru.iiec.cxxdroid/files/bin/ld: CMakeFiles/cmTC_f02c7.dir/src.c.o: in function `main':
src.c:(.text+0x20): undefined reference to `pthread_cancel'
/data/user/0/ru.iiec.cxxdroid/files/bin/ld: src.c:(.text+0x24): undefined reference to `pthread_cancel'
clang-9: error: linker command failed with exit code 1 (use -v to see invocation)
make[1]: *** [CMakeFiles/cmTC_f02c7.dir/build.make:99: cmTC_f02c7] Error 1
make[1]: Leaving directory '/storage/emulated/0/Documents/axo/examples/CMakeFiles/CMakeTmp'
make: *** [Makefile:126: cmTC_f02c7/fast] Error 2


Source file was:
#include <pthread.h>

static void* test_func(void* data)
{
  return data;
}

int main(void)
{
  pthread_t thread;
  pthread_create(&thread, NULL, test_func, NULL);
  pthread_detach(thread);
  pthread_cancel(thread);
  pthread_join(thread, NULL);
  pthread_atfork(NULL, NULL, NULL);
  pthread_exit(NULL);

  return 0;
}

Determining if the function pthread_create exists in the pthreads failed with the following output:
Change Dir: /storage/emulated/0/Documents/axo/examples/CMakeFiles/CMakeTmp

Run Build Command(s):/data/user/0/ru.iiec.cxxdroid/files/bin/make -f Makefile cmTC_52cde/fast && /data/user/0/ru.iiec.cxxdroid/files/bin/make  -f CMakeFiles/cmTC_52cde.dir/build.make CMakeFiles/cmTC_52cde.dir/build
make[1]: Entering directory '/storage/emulated/0/Documents/axo/examples/CMakeFiles/CMakeTmp'
Building C object CMakeFiles/cmTC_52cde.dir/CheckFunctionExists.c.o
/data/user/0/ru.iiec.cxxdroid/files/bin/clang   -Wall -std=c99 -fallow-void-main -DCHECK_FUNCTION_EXISTS=pthread_create -MD -MT CMakeFiles/cmTC_52cde.dir/CheckFunctionExists.c.o -MF CMakeFiles/cmTC_52cde.dir/CheckFunctionExists.c.o.d -o CMakeFiles/cmTC_52cde.dir/CheckFunctionExists.c.o -c /data/data/ru.iiec.cxxdroid/files/share/cmake-3.20/Modules/CheckFunctionExists.c
Linking C executable cmTC_52cde
/data/data/ru.iiec.cxxdroid/files/bin/cmake -E cmake_link_script CMakeFiles/cmTC_52cde.dir/link.txt --verbose=1
/data/user/0/ru.iiec.cxxdroid/files/bin/clang -Wall -std=c99 -fallow-void-main -DCHECK_FUNCTION_EXISTS=pthread_create -lm -ldl -llog -lz  CMakeFiles/cmTC_52cde.dir/CheckFunctionExists.c.o -o cmTC_52cde  -lpthreads 
/data/user/0/ru.iiec.cxxdroid/files/bin/ld: cannot find -lpthreads
clang-9: error: linker command failed with exit code 1 (use -v to see invocation)
make[1]: *** [CMakeFiles/cmTC_52cde.dir/build.make:99: cmTC_52cde] Error 1
make[1]: Leaving directory '/storage/emulated/0/Documents/axo/examples/CMakeFiles/CMakeTmp'
make: *** [Makefile:126: cmTC_52cde/fast] Error 2



Determining if the function pthread_create exists in the pthread failed with the following output:
Change Dir: /storage/emulated/0/Documents/axo/examples/CMakeFiles/CMakeTmp

Run Build Command(s):/data/user/0/ru.iiec.cxxdroid/files/bin/make -f Makefile cmTC_152b7/fast && /data/user/0/ru.iiec.cxxdroid/files/bin/make  -f CMakeFiles/cmTC_152b7.dir/build.make CMakeFiles/cmTC_152b7.dir/build
make[1]: Entering directory '/storage/emulated/0/Documents/axo/examples/CMakeFiles/CMakeTmp'
Building C object CMakeFiles/cmTC_152b7.dir/CheckFunctionExists.c.o
/data/user/0/ru.iiec.cxxdroid/files/bin/clang   -Wall -std=c99 -fallow-void-main -DCHECK_FUNCTION_EXISTS=pthread_create -MD -MT CMakeFiles/cmTC_152b7.dir/CheckFunctionExists.c.o -MF CMakeFiles/cmTC_152b7.dir/CheckFunctionExists.c.o.d -o CMakeFiles/cmTC_152b7.dir/CheckFunctionExists.c.o -c /data/data/ru.iiec.cxxdroid/files/share/cmake-3.20/Modules/CheckFunctionExists.c
Linking C executable cmTC_152b7
/data/data/ru.iiec.cxxdroid/files/bin/cmake -E cmake_link_script CMakeFiles/cmTC_152b7.dir/link.txt --verbose=1
/data/user/0/ru.iiec.cxxdroid/files/bin/clang -Wall -std=c99 -fallow-void-main -DCHECK_FUNCTION_EXISTS=pthread_create -lm -ldl -llog -lz  CMakeFiles/cmTC_152b7.dir/CheckFunctionExists.c.o -o cmTC_152b7  -lpthread 
/data/user/0/ru.iiec.cxxdroid/files/bin/ld: cannot find -lpthread
clang-9: error: linker command failed with exit code 1 (use -v to see invocation)
make[1]: *** [CMakeFiles/cmTC_152b7.dir/build.make:99: cmTC_152b7] Error 1
make[1]: Leaving directory '/storage/emulated/0/Documents/axo/examples/CMakeFiles/CMakeTmp'
make: *** [Makefile:126: cmTC_152b7/fast] Error 2



